鎬绘椂闂? 2.2360 绉?
